{n0,n1,n2}

Isolate this:

    The inductive invariant consists of the following conjectures:
        McMillan_Example2.node_3.0.ivy: line 39: invar_0
        McMillan_Example2.node_3.0.ivy: line 40: invar_1
        McMillan_Example2.node_3.0.ivy: line 41: invar_2
        McMillan_Example2.node_3.0.ivy: line 42: invar_3
        McMillan_Example2.node_3.0.ivy: line 43: invar_4
        McMillan_Example2.node_3.0.ivy: line 44: invar_5

    The following action implementations are present:
        McMillan_Example2.node_3.0.ivy: line 20: implementation of down
        McMillan_Example2.node_3.0.ivy: line 14: implementation of up

    The following initializers are present:
        McMillan_Example2.node_3.0.ivy: line 9: init[after2]

    Initialization must establish the invariant
        McMillan_Example2.node_3.0.ivy: line 39: invar_0 ... PASS
        McMillan_Example2.node_3.0.ivy: line 40: invar_1 ... PASS
        McMillan_Example2.node_3.0.ivy: line 41: invar_2 ... PASS
        McMillan_Example2.node_3.0.ivy: line 42: invar_3 ... PASS
        McMillan_Example2.node_3.0.ivy: line 43: invar_4 ... PASS
        McMillan_Example2.node_3.0.ivy: line 44: invar_5 ... PASS

    The following set of external actions must preserve the invariant:
        (internal) ext:down
            McMillan_Example2.node_3.0.ivy: line 39: invar_0 ... PASS
            McMillan_Example2.node_3.0.ivy: line 40: invar_1 ... PASS
            McMillan_Example2.node_3.0.ivy: line 41: invar_2 ... PASS
            McMillan_Example2.node_3.0.ivy: line 42: invar_3 ... PASS
            McMillan_Example2.node_3.0.ivy: line 43: invar_4 ... PASS
            McMillan_Example2.node_3.0.ivy: line 44: invar_5 ... PASS
        (internal) ext:up
            McMillan_Example2.node_3.0.ivy: line 39: invar_0 ... PASS
            McMillan_Example2.node_3.0.ivy: line 40: invar_1 ... PASS
            McMillan_Example2.node_3.0.ivy: line 41: invar_2 ... PASS
            McMillan_Example2.node_3.0.ivy: line 42: invar_3 ... PASS
            McMillan_Example2.node_3.0.ivy: line 43: invar_4 ... PASS
            McMillan_Example2.node_3.0.ivy: line 44: invar_5 ... PASS

    The following program assertions are treated as assumptions:
        in action up when called from the environment:
            McMillan_Example2.node_3.0.ivy: line 15: assumption
        in action down when called from the environment:
            McMillan_Example2.node_3.0.ivy: line 21: assumption

OK
