sat
(
  (define-fun S9 () Bool
    false)
  (define-fun S () Bool
    false)
  (define-fun R10 () Bool
    true)
  (define-fun S10 () Bool
    false)
  (define-fun S13 () Bool
    false)
  (define-fun S12 () Bool
    false)
  (define-fun R15 () Bool
    true)
  (define-fun S18 () Bool
    false)
  (define-fun R5 () Bool
    true)
  (define-fun S15 () Bool
    false)
  (define-fun S8 () Bool
    false)
  (define-fun R13 () Bool
    true)
  (define-fun R17 () Bool
    true)
  (define-fun R2 () Bool
    true)
  (define-fun S11 () Bool
    false)
  (define-fun R14 () Bool
    true)
  (define-fun R4 () Bool
    (exists ((node0 node)) (not (= node0 n0))))
  (define-fun S2 () Bool
    false)
  (define-fun R7 () Bool
    true)
  (define-fun R20 () Bool
    true)
  (define-fun S34 () Bool
    false)
  (define-fun S27 () Bool
    false)
  (define-fun S19 () Bool
    false)
  (define-fun S21 () Bool
    false)
  (define-fun S20 () Bool
    false)
  (define-fun S6 () Bool
    false)
  (define-fun S4 () Bool
    false)
  (define-fun S26 () Bool
    false)
  (define-fun R9 () Bool
    true)
  (define-fun R24 () Bool
    true)
  (define-fun S33 () Bool
    false)
  (define-fun R19 () Bool
    true)
  (define-fun S14 () Bool
    false)
  (define-fun R () Bool
    (and (exists ((node0 node)) (not (= node0 n0)))
     (exists ((node0 node)) (not (= node0 n1)))))
  (define-fun S5 () Bool
    false)
  (define-fun S17 () Bool
    false)
  (define-fun S25 () Bool
    false)
  (define-fun R22 () Bool
    (exists ((node0 node)) (not (= node0 n1))))
  (define-fun S32 () Bool
    false)
  (define-fun R11 () Bool
    true)
  (define-fun S7 () Bool
    false)
  (define-fun R12 () Bool
    true)
  (define-fun S22 () Bool
    false)
  (define-fun R6 () Bool
    true)
  (define-fun S28 () Bool
    false)
  (define-fun R23 () Bool
    true)
  (define-fun R8 () Bool
    true)
  (define-fun S31 () Bool
    false)
  (define-fun S23 () Bool
    false)
  (define-fun R16 () Bool
    true)
  (define-fun S1 () Bool
    false)
  (define-fun S3 () Bool
    false)
  (define-fun S30 () Bool
    false)
  (define-fun S29 () Bool
    false)
  (define-fun S24 () Bool
    false)
  (define-fun R1 () Bool
    true)
  (define-fun R21 () Bool
    true)
  (define-fun R3 () Bool
    true)
  (define-fun R18 () Bool
    true)
  (define-fun S16 () Bool
    false)
  (define-fun R26 () Bool
    false)
  (define-fun R29 () Bool
    false)
  (define-fun R27 () Bool
    false)
  (define-fun R32 () Bool
    false)
  (define-fun R34 () Bool
    false)
  (define-fun R25 () Bool
    false)
  (define-fun R33 () Bool
    false)
  (define-fun R28 () Bool
    false)
  (define-fun R30 () Bool
    false)
  (define-fun R31 () Bool
    false)
  (define-fun ep_epoch1 ((x!0 node)) Bool
    true)
  (define-fun ep_epoch2 ((x!0 node)) Bool
    true)
  (define-fun ep_epoch0 ((x!0 node)) Bool
    true)
  (define-fun ep_epoch3 ((x!0 node)) Bool
    true)
  (define-fun locked_epoch2 ((x!0 node)) Bool
    false)
  (define-fun locked_epoch0 ((x!0 node)) Bool
    false)
  (define-fun held ((x!0 node)) Bool
    false)
  (define-fun locked_epoch3 ((x!0 node)) Bool
    (not (= x!0 n1)))
  (define-fun transfer_epoch3 ((x!0 node)) Bool
    false)
  (define-fun locked_epoch1 ((x!0 node)) Bool
    (= x!0 n0))
  (define-fun transfer_epoch1 ((x!0 node)) Bool
    false)
  (define-fun transfer_epoch2 ((x!0 node)) Bool
    (not (= x!0 n1)))
  (define-fun transfer_epoch0 ((x!0 node)) Bool
    false)
)
