sat
(
  (define-fun R42 () Bool
    true)
  (define-fun R35 () Bool
    true)
  (define-fun S8 () Bool
    false)
  (define-fun R109 () Bool
    true)
  (define-fun R26 () Bool
    true)
  (define-fun R5 () Bool
    (forall ((node0 node) (node1 node))
  (or (= node0 node1) (= node0 n1) (= node1 n1))))
  (define-fun R48 () Bool
    true)
  (define-fun R52 () Bool
    true)
  (define-fun S11 () Bool
    false)
  (define-fun R72 () Bool
    true)
  (define-fun R104 () Bool
    true)
  (define-fun S12 () Bool
    false)
  (define-fun R115 () Bool
    true)
  (define-fun R4 () Bool
    (forall ((node1 node)) (or (= n1 node1) (= node1 n0))))
  (define-fun R113 () Bool
    true)
  (define-fun R99 () Bool
    (exists ((node0 node)) (not (= node0 n1))))
  (define-fun S2 () Bool
    false)
  (define-fun R38 () Bool
    true)
  (define-fun R13 () Bool
    true)
  (define-fun R67 () Bool
    true)
  (define-fun R66 () Bool
    true)
  (define-fun S4 () Bool
    false)
  (define-fun S27 () Bool
    false)
  (define-fun R60 () Bool
    true)
  (define-fun R2 () Bool
    true)
  (define-fun R29 () Bool
    true)
  (define-fun R61 () Bool
    true)
  (define-fun R14 () Bool
    true)
  (define-fun R24 () Bool
    true)
  (define-fun R64 () Bool
    true)
  (define-fun R98 () Bool
    true)
  (define-fun R45 () Bool
    true)
  (define-fun R78 () Bool
    true)
  (define-fun R51 () Bool
    true)
  (define-fun R7 () Bool
    true)
  (define-fun R95 () Bool
    true)
  (define-fun S10 () Bool
    false)
  (define-fun R15 () Bool
    true)
  (define-fun S18 () Bool
    false)
  (define-fun S15 () Bool
    false)
  (define-fun R105 () Bool
    (exists ((node0 node)) (not (= node0 n1))))
  (define-fun R101 () Bool
    (exists ((node0 node)) (not (= node0 n1))))
  (define-fun S34 () Bool
    false)
  (define-fun R86 () Bool
    true)
  (define-fun R27 () Bool
    true)
  (define-fun S21 () Bool
    false)
  (define-fun S20 () Bool
    false)
  (define-fun R25 () Bool
    true)
  (define-fun R17 () Bool
    true)
  (define-fun R46 () Bool
    true)
  (define-fun S9 () Bool
    false)
  (define-fun R58 () Bool
    true)
  (define-fun R20 () Bool
    true)
  (define-fun R10 () Bool
    true)
  (define-fun R47 () Bool
    true)
  (define-fun R74 () Bool
    true)
  (define-fun S6 () Bool
    false)
  (define-fun S26 () Bool
    false)
  (define-fun R73 () Bool
    true)
  (define-fun R92 () Bool
    true)
  (define-fun R53 () Bool
    true)
  (define-fun R18 () Bool
    (exists ((node0 node)) (not (= node0 n0))))
  (define-fun S19 () Bool
    false)
  (define-fun R37 () Bool
    (forall ((node0 node) (node1 node))
  (or (= node0 node1) (= node0 n1) (= node1 n1))))
  (define-fun R9 () Bool
    true)
  (define-fun R69 () Bool
    true)
  (define-fun R112 () Bool
    true)
  (define-fun S16 () Bool
    false)
  (define-fun R3 () Bool
    true)
  (define-fun R49 () Bool
    true)
  (define-fun R41 () Bool
    true)
  (define-fun R40 () Bool
    true)
  (define-fun R1 () Bool
    true)
  (define-fun R32 () Bool
    true)
  (define-fun R21 () Bool
    true)
  (define-fun R106 () Bool
    true)
  (define-fun R88 () Bool
    true)
  (define-fun S24 () Bool
    false)
  (define-fun R118 () Bool
    (exists ((node0 node)) (not (= node0 n1))))
  (define-fun R31 () Bool
    true)
  (define-fun R30 () Bool
    true)
  (define-fun R96 () Bool
    true)
  (define-fun R80 () Bool
    true)
  (define-fun S30 () Bool
    false)
  (define-fun R44 () Bool
    (exists ((node0 node)) (not (= node0 n1))))
  (define-fun S3 () Bool
    false)
  (define-fun R50 () Bool
    true)
  (define-fun R43 () Bool
    true)
  (define-fun R100 () Bool
    true)
  (define-fun R28 () Bool
    true)
  (define-fun R87 () Bool
    true)
  (define-fun R36 () Bool
    true)
  (define-fun S29 () Bool
    false)
  (define-fun R82 () Bool
    true)
  (define-fun R117 () Bool
    true)
  (define-fun R108 () Bool
    true)
  (define-fun R102 () Bool
    true)
  (define-fun R116 () Bool
    true)
  (define-fun S1 () Bool
    false)
  (define-fun R65 () Bool
    true)
  (define-fun R79 () Bool
    true)
  (define-fun R114 () Bool
    (exists ((node0 node)) (not (= node0 n1))))
  (define-fun R16 () Bool
    true)
  (define-fun R68 () Bool
    true)
  (define-fun S23 () Bool
    false)
  (define-fun R90 () Bool
    true)
  (define-fun R70 () Bool
    true)
  (define-fun R54 () Bool
    true)
  (define-fun S31 () Bool
    false)
  (define-fun R81 () Bool
    true)
  (define-fun R23 () Bool
    true)
  (define-fun S28 () Bool
    false)
  (define-fun R103 () Bool
    (exists ((node0 node)) (not (= node0 n1))))
  (define-fun R6 () Bool
    true)
  (define-fun R85 () Bool
    true)
  (define-fun R8 () Bool
    (forall ((node0 node) (node1 node))
  (or (= node0 node1) (= node0 n1) (= node1 n1))))
  (define-fun R107 () Bool
    true)
  (define-fun R57 () Bool
    true)
  (define-fun S22 () Bool
    false)
  (define-fun R84 () Bool
    true)
  (define-fun R12 () Bool
    true)
  (define-fun S7 () Bool
    false)
  (define-fun R111 () Bool
    (exists ((node0 node)) (not (= node0 n1))))
  (define-fun R71 () Bool
    true)
  (define-fun R11 () Bool
    true)
  (define-fun R93 () Bool
    true)
  (define-fun R83 () Bool
    true)
  (define-fun R76 () Bool
    true)
  (define-fun R56 () Bool
    true)
  (define-fun S25 () Bool
    false)
  (define-fun S32 () Bool
    false)
  (define-fun R77 () Bool
    true)
  (define-fun R63 () Bool
    true)
  (define-fun R97 () Bool
    true)
  (define-fun R34 () Bool
    true)
  (define-fun S17 () Bool
    false)
  (define-fun R () Bool
    (and (forall ((node1 node)) (or (= n1 node1) (= node1 n0)))
     (forall ((node0 node) (node1 node))
       (or (= node0 node1) (= node0 n1) (= node1 n1)))
     (exists ((node0 node)) (not (= node0 n0)))
     (exists ((node0 node)) (not (= node0 n1)))))
  (define-fun R89 () Bool
    true)
  (define-fun R19 () Bool
    true)
  (define-fun R62 () Bool
    true)
  (define-fun R59 () Bool
    true)
  (define-fun R94 () Bool
    true)
  (define-fun S () Bool
    false)
  (define-fun S5 () Bool
    false)
  (define-fun S33 () Bool
    false)
  (define-fun R55 () Bool
    true)
  (define-fun R110 () Bool
    (exists ((node0 node)) (not (= node0 n1))))
  (define-fun R39 () Bool
    true)
  (define-fun R91 () Bool
    true)
  (define-fun R75 () Bool
    true)
  (define-fun S13 () Bool
    false)
  (define-fun S14 () Bool
    false)
  (define-fun R33 () Bool
    true)
  (define-fun R22 () Bool
    true)
  (define-fun ep_epoch2 ((x!0 node)) Bool
    false)
  (define-fun ep_epoch1 ((x!0 node)) Bool
    false)
  (define-fun ep_epoch0 ((x!0 node)) Bool
    (= x!0 n1))
  (define-fun ep_epoch3 ((x!0 node)) Bool
    (not (= x!0 n1)))
  (define-fun locked_epoch0 ((x!0 node)) Bool
    false)
  (define-fun locked_epoch2 ((x!0 node)) Bool
    false)
  (define-fun held ((x!0 node)) Bool
    (not (= x!0 n1)))
  (define-fun transfer_epoch0 ((x!0 node)) Bool
    true)
  (define-fun locked_epoch3 ((x!0 node)) Bool
    (not (= x!0 n1)))
  (define-fun transfer_epoch3 ((x!0 node)) Bool
    false)
  (define-fun locked_epoch1 ((x!0 node)) Bool
    (= x!0 n0))
  (define-fun transfer_epoch1 ((x!0 node)) Bool
    false)
  (define-fun transfer_epoch2 ((x!0 node)) Bool
    false)
)
